<!DOCTYPE html>
<html lang="en">
<head>
    <meta charset="UTF-8">
    <title>Bandage</title>
    <link href="/public/vendor/bootstrap.min.css" rel="stylesheet" type="text/css">
    <link href="/public/vendor/glyphicons.css" rel="stylesheet" type="text/css">
    <link href="/public/style.css" rel="stylesheet" type="text/css">
    <link href="/public/favicon-96x96.png" rel="icon" type="image/png" sizes="96x96">
</head>

    <nav class="navbar fixed-top navbar-expand-lg bg-transparent">
        <div class="navbar-contents">
            <div id="navbar-username" data-test="user-short-name">some-full-name</div>
            <div><a href="/upload" id="upload" data-test="upload-link">Upload track</a></div>
            <div><a href="/logout" id="logout"data-test="logout">Logout</a></div>
        </div>
    </nav>

<body>
<div class="container-fluid d-flex h-100">
    <div class="justify-content-center align-self-center mx-auto" id="main-container">
        <h4 class="container-fluid" data-test="heading">Preview metadata</h4>
        <form class="form-group" action="upload" method="POST" data-test="preview-metadata-form">
            <label for="artist">Artist</label><span class="form-required">*</span>
            <input readonly class="form-control full-width" id="artist" name="artist" value="*** REDACTED BANDAGE_ARTIST_OVERRIDE ***" data-test="artist" required/>

            <label for="title">Title</label>
            <input class="form-control full-width" id="title" name="title" value="" data-test="title"/>

            <label>Working title</label>
            <input class="form-control full-width" id="working-title" name="working_title" value="440Hz Sine Wave" data-test="working-title"/>

            <input id="duration-raw" type="hidden" name="duration_raw" value="5.089000" data-test="duration-raw" />
            <label for="duration">Duration</label>

            <input readonly class="form-control full-width" id="duration" name="duration" value="0:05" data-test="duration" />
            <label for="format">Format</label>

            <input readonly class="form-control full-width" id="format" name="format" value="mp3" data-test="format"/>
            <input id="bitrate-raw" type="hidden" name="bitrate_raw" value="48000" data-test="bitrate-raw" />

            <label for="bitrate">Bitrate</label>
            <input readonly class="form-control full-width" id="bitrate" name="bitrate" value="48 kbps" data-test="bitrate" />

            <label for="recorded">Recorded year</label><span class="form-required">*</span>
            <input class="form-control full-width" id="recorded_year" name="recorded_year" data-test="recorded_year" value="1970" required/>

            <label for="recorded">Recorded month</label>
            <select class="form-control full-width" id="recorded_month" name="recorded_month" data-test="recorded_month">
                <option></option>
                
                <option value="1">January</option>
                
                <option value="2">February</option>
                
                <option value="3">March</option>
                
                <option value="4">April</option>
                
                <option value="5">May</option>
                
                <option value="6">June</option>
                
                <option value="7">July</option>
                
                <option value="8">August</option>
                
                <option value="9">September</option>
                
                <option value="10">October</option>
                
                <option value="11">November</option>
                
                <option value="12">December</option>
                
            </select>

            <label for="recorded">Recorded day</label>
            <select class="form-control full-width" id="recorded_day" name="recorded_day" data-test="recorded_day">
                <option></option>
                
                    <option value="1">1</option>
                
                    <option value="2">2</option>
                
                    <option value="3">3</option>
                
                    <option value="4">4</option>
                
                    <option value="5">5</option>
                
                    <option value="6">6</option>
                
                    <option value="7">7</option>
                
                    <option value="8">8</option>
                
                    <option value="9">9</option>
                
                    <option value="10">10</option>
                
                    <option value="11">11</option>
                
                    <option value="12">12</option>
                
                    <option value="13">13</option>
                
                    <option value="14">14</option>
                
                    <option value="15">15</option>
                
                    <option value="16">16</option>
                
                    <option value="17">17</option>
                
                    <option value="18">18</option>
                
                    <option value="19">19</option>
                
                    <option value="20">20</option>
                
                    <option value="21">21</option>
                
                    <option value="22">22</option>
                
                    <option value="23">23</option>
                
                    <option value="24">24</option>
                
                    <option value="25">25</option>
                
                    <option value="26">26</option>
                
                    <option value="27">27</option>
                
                    <option value="28">28</option>
                
                    <option value="29">29</option>
                
                    <option value="30">30</option>
                
                    <option value="31">31</option>
                
            </select>

            <label for="recorded">Recorded hour</label>
            <select class="form-control full-width" id="recorded_hour" name="recorded_hour" data-test="recorded_hour">
                <option></option>
                
                    <option value="00">00</option>
                
                    <option value="01">01</option>
                
                    <option value="02">02</option>
                
                    <option value="03">03</option>
                
                    <option value="04">04</option>
                
                    <option value="05">05</option>
                
                    <option value="06">06</option>
                
                    <option value="07">07</option>
                
                    <option value="08">08</option>
                
                    <option value="09">09</option>
                
                    <option value="10">10</option>
                
                    <option value="11">11</option>
                
                    <option value="12">12</option>
                
                    <option value="13">13</option>
                
                    <option value="14">14</option>
                
                    <option value="15">15</option>
                
                    <option value="16">16</option>
                
                    <option value="17">17</option>
                
                    <option value="18">18</option>
                
                    <option value="19">19</option>
                
                    <option value="20">20</option>
                
                    <option value="21">21</option>
                
                    <option value="22">22</option>
                
                    <option value="23">23</option>
                
            </select>

            <label for="recorded">Recorded minute</label>
            <select class="form-control full-width" id="recorded_minute" name="recorded_minute" data-test="recorded_minute">
                <option></option>
                
                    <option value="00">00</option>
                
                    <option value="01">01</option>
                
                    <option value="02">02</option>
                
                    <option value="03">03</option>
                
                    <option value="04">04</option>
                
                    <option value="05">05</option>
                
                    <option value="06">06</option>
                
                    <option value="07">07</option>
                
                    <option value="08">08</option>
                
                    <option value="09">09</option>
                
                    <option value="10">10</option>
                
                    <option value="11">11</option>
                
                    <option value="12">12</option>
                
                    <option value="13">13</option>
                
                    <option value="14">14</option>
                
                    <option value="15">15</option>
                
                    <option value="16">16</option>
                
                    <option value="17">17</option>
                
                    <option value="18">18</option>
                
                    <option value="19">19</option>
                
                    <option value="20">20</option>
                
                    <option value="21">21</option>
                
                    <option value="22">22</option>
                
                    <option value="23">23</option>
                
                    <option value="24">24</option>
                
                    <option value="25">25</option>
                
                    <option value="26">26</option>
                
                    <option value="27">27</option>
                
                    <option value="28">28</option>
                
                    <option value="29">29</option>
                
                    <option value="30">30</option>
                
                    <option value="31">31</option>
                
                    <option value="32">32</option>
                
                    <option value="33">33</option>
                
                    <option value="34">34</option>
                
                    <option value="35">35</option>
                
                    <option value="36">36</option>
                
                    <option value="37">37</option>
                
                    <option value="38">38</option>
                
                    <option value="39">39</option>
                
                    <option value="40">40</option>
                
                    <option value="41">41</option>
                
                    <option value="42">42</option>
                
                    <option value="43">43</option>
                
                    <option value="44">44</option>
                
                    <option value="45">45</option>
                
                    <option value="46">46</option>
                
                    <option value="47">47</option>
                
                    <option value="48">48</option>
                
                    <option value="49">49</option>
                
                    <option value="50">50</option>
                
                    <option value="51">51</option>
                
                    <option value="52">52</option>
                
                    <option value="53">53</option>
                
                    <option value="54">54</option>
                
                    <option value="55">55</option>
                
                    <option value="56">56</option>
                
                    <option value="57">57</option>
                
                    <option value="58">58</option>
                
                    <option value="59">59</option>
                
            </select>

            <label for="recorded">Recorded second</label>
            <select class="form-control full-width" id="recorded_second" name="recorded_second" data-test="recorded_second">
                <option></option>
                
                    <option value="00">00</option>
                
                    <option value="01">01</option>
                
                    <option value="02">02</option>
                
                    <option value="03">03</option>
                
                    <option value="04">04</option>
                
                    <option value="05">05</option>
                
                    <option value="06">06</option>
                
                    <option value="07">07</option>
                
                    <option value="08">08</option>
                
                    <option value="09">09</option>
                
                    <option value="10">10</option>
                
                    <option value="11">11</option>
                
                    <option value="12">12</option>
                
                    <option value="13">13</option>
                
                    <option value="14">14</option>
                
                    <option value="15">15</option>
                
                    <option value="16">16</option>
                
                    <option value="17">17</option>
                
                    <option value="18">18</option>
                
                    <option value="19">19</option>
                
                    <option value="20">20</option>
                
                    <option value="21">21</option>
                
                    <option value="22">22</option>
                
                    <option value="23">23</option>
                
                    <option value="24">24</option>
                
                    <option value="25">25</option>
                
                    <option value="26">26</option>
                
                    <option value="27">27</option>
                
                    <option value="28">28</option>
                
                    <option value="29">29</option>
                
                    <option value="30">30</option>
                
                    <option value="31">31</option>
                
                    <option value="32">32</option>
                
                    <option value="33">33</option>
                
                    <option value="34">34</option>
                
                    <option value="35">35</option>
                
                    <option value="36">36</option>
                
                    <option value="37">37</option>
                
                    <option value="38">38</option>
                
                    <option value="39">39</option>
                
                    <option value="40">40</option>
                
                    <option value="41">41</option>
                
                    <option value="42">42</option>
                
                    <option value="43">43</option>
                
                    <option value="44">44</option>
                
                    <option value="45">45</option>
                
                    <option value="46">46</option>
                
                    <option value="47">47</option>
                
                    <option value="48">48</option>
                
                    <option value="49">49</option>
                
                    <option value="50">50</option>
                
                    <option value="51">51</option>
                
                    <option value="52">52</option>
                
                    <option value="53">53</option>
                
                    <option value="54">54</option>
                
                    <option value="55">55</option>
                
                    <option value="56">56</option>
                
                    <option value="57">57</option>
                
                    <option value="58">58</option>
                
                    <option value="59">59</option>
                
            </select>

            <input readonly class="form-control full-width" id="filename" type="hidden" name="filename" value="440Hz-5sec.mp3" data-test="filename"/>
            <input readonly class="form-control full-width" id="normalised_file_size" type="hidden" name="normalised_file_size" value="30633" data-test="normalised_file_size"/>
            <input readonly class="form-control full-width" id="hash" type="hidden" name="hash" value="d16670c5d6d17eeacba658150e0f853b2ba29e14783efb1e4f9692984db564ce" data-test="hash"/>
            <br>
            <button class="form-control full-width btn btn-dark" formenctype="application/x-www-form-urlencoded" formmethod="post" name="upload-track" data-test="upload-track">Upload</button>
        </form>
    </div>
</div>

</body>

</html>

