[
  {
    "id": "e4da3b7f-bbce-3345-9777-2b0674a318d5",
    "artist": "some artist",
    "title": "no duration",
    "recordedTimestamp": "1970-01-05T00:00Z",
    "recordedTimestampPrecision": "FOREVER",
    "uploadedTimestamp": "1970-01-01T00:00Z",
    "format": "mp3",
    "bitRate": "320",
    "fileSize": 12345,
    "playUrl": "http://localhost:7000/play/e4da3b7f-bbce-3345-9777-2b0674a318d5"
  },
  {
    "id": "a87ff679-a2f3-371d-9181-a67b7542122c",
    "artist": "some artist",
    "title": "no bitrate",
    "recordedTimestamp": "1970-01-04T00:00Z",
    "recordedTimestampPrecision": "FOREVER",
    "uploadedTimestamp": "1970-01-01T00:00Z",
    "format": "mp3",
    "duration": "0:21",
    "fileSize": 12345,
    "playUrl": "http://localhost:7000/play/a87ff679-a2f3-371d-9181-a67b7542122c"
  },
  {
    "id": "c81e728d-9d4c-3f63-af06-7f89cc14862c",
    "artist": "some artist",
    "title": "in a collection",
    "recordedTimestamp": "1970-01-03T00:00Z",
    "recordedTimestampPrecision": "FOREVER",
    "uploadedTimestamp": "1970-01-01T00:00Z",
    "format": "mp3",
    "bitRate": "320",
    "duration": "0:21",
    "fileSize": 12345,
    "playUrl": "http://localhost:7000/play/c81e728d-9d4c-3f63-af06-7f89cc14862c",
    "collections": [
      {
        "uuid": "eccbc87e-4b5c-32fe-a830-8fd9f2a7baf3",
        "title": "Awesome collection"
      }
    ]
  },
  {
    "id": "c4ca4238-a0b9-3382-8dcc-509a6f75849b",
    "artist": "some artist",
    "title": "some title",
    "recordedTimestamp": "1970-01-02T00:00Z",
    "recordedTimestampPrecision": "FOREVER",
    "uploadedTimestamp": "1970-01-01T00:00Z",
    "format": "mp3",
    "bitRate": "320",
    "duration": "0:21",
    "fileSize": 12345,
    "playUrl": "http://localhost:7000/play/c4ca4238-a0b9-3382-8dcc-509a6f75849b"
  }
]