<!DOCTYPE html>
<html lang="en">
<head>
    <meta charset="UTF-8">
    <title>Bandage</title>
    <link href="public/vendor/bootstrap.min.css" rel="stylesheet" type="text/css">
    <link href="public/style.css" rel="stylesheet" type="text/css">
    <link href="public/favicon-96x96.png" rel="icon" type="image/png" sizes="96x96">
</head>
<body>
<div class="container-fluid d-flex h-100">
    <div class="justify-content-center align-self-center mx-auto" id="http-error-container">
        <img src="public/favicon-96x96.png">
        <br>
        <br>
        <h1>400</h1>
        <h3>Bad Request</h3>
        <br>
        <br>
        Either you did something bad, or I did. 🤦‍
    </div>
</div>
</body>
</html>