<!DOCTYPE html>
<html lang="en">
<head>
    <meta charset="UTF-8">
    <title>Bandage</title>
    <link href="http://localhost:7000/public/vendor/bootstrap.min.css" rel="stylesheet" type="text/css">
    <link href="http://localhost:7000/public/style.css" rel="stylesheet" type="text/css">
    <link href="http://localhost:7000/public/favicon-96x96.png" rel="icon" type="image/png" sizes="96x96">
</head>
<body>
<div class="container-fluid d-flex h-100">
    <div class="justify-content-center align-self-center mx-auto" id="http-error-container">
        <img src="http://localhost:7000/public/favicon-96x96.png">
        <br>
        <br>
        <h1>404</h1>
        <h3>Not Found</h3>
        <br>
        <br>
        The requested resource does not exist.
    </div>
</div>
</body>
</html>